{
  "version": "1.5.0",
  "plugins_used": [
    {
      "name": "ArtifactoryDetector"
    },
    {
      "name": "AWSKeyDetector"
    },
    {
      "name": "AzureStorageKeyDetector"
    },
    {
      "name": "Base64HighEntropyString",
      "limit": 4.5
    },
    {
      "name": "BasicAuthDetector"
    },
    {
      "name": "CloudantDetector"
    },
    {
      "name": "DiscordBotTokenDetector"
    },
    {
      "name": "GitHubTokenDetector"
    },
    {
      "name": "GitLabTokenDetector"
    },
    {
      "name": "HexHighEntropyString",
      "limit": 3.0
    },
    {
      "name": "IbmCloudIamDetector"
    },
    {
      "name": "IbmCosHmacDetector"
    },
    {
      "name": "IPPublicDetector"
    },
    {
      "name": "JwtTokenDetector"
    },
    {
      "name": "KeywordDetector",
      "keyword_exclude": ""
    },
    {
      "name": "MailchimpDetector"
    },
    {
      "name": "NpmDetector"
    },
    {
      "name": "OpenAIDetector"
    },
    {
      "name": "PrivateKeyDetector"
    },
    {
      "name": "PypiTokenDetector"
    },
    {
      "name": "SendGridDetector"
    },
    {
      "name": "SlackDetector"
    },
    {
      "name": "SoftlayerDetector"
    },
    {
      "name": "SquareOAuthDetector"
    },
    {
      "name": "StripeDetector"
    },
    {
      "name": "TelegramBotTokenDetector"
    },
    {
      "name": "TwilioKeyDetector"
    }
  ],
  "filters_used": [
    {
      "path": "detect_secrets.filters.allowlist.is_line_allowlisted"
    },
    {
      "path": "detect_secrets.filters.common.is_ignored_due_to_verification_policies",
      "min_level": 2
    },
    {
      "path": "detect_secrets.filters.heuristic.is_indirect_reference"
    },
    {
      "path": "detect_secrets.filters.heuristic.is_likely_id_string"
    },
    {
      "path": "detect_secrets.filters.heuristic.is_lock_file"
    },
    {
      "path": "detect_secrets.filters.heuristic.is_not_alphanumeric_string"
    },
    {
      "path": "detect_secrets.filters.heuristic.is_potential_uuid"
    },
    {
      "path": "detect_secrets.filters.heuristic.is_prefixed_with_dollar_sign"
    },
    {
      "path": "detect_secrets.filters.heuristic.is_sequential_string"
    },
    {
      "path": "detect_secrets.filters.heuristic.is_swagger_file"
    },
    {
      "path": "detect_secrets.filters.heuristic.is_templated_secret"
    },
    {
      "path": "detect_secrets.filters.regex.should_exclude_file",
      "pattern": [
        "archive/.*|data/test_local_vault/.*|test_crawler.py|test_flows.py|test_upload_simple.py|test_vault_simple.py|test_vault_system.py|test_overlay_api.py|legal_intel/.*"
      ]
    }
  ],
  "results": {
    ".env.example": [
      {
        "type": "Basic Auth Credentials",
        "filename": ".env.example",
        "hashed_secret": "5baa61e4c9b93f3f0682250b6cf8331b7ee68fd8",
        "is_verified": false,
        "line_number": 181
      }
    ],
    ".env.production.example": [
      {
        "type": "Basic Auth Credentials",
        "filename": ".env.production.example",
        "hashed_secret": "5baa61e4c9b93f3f0682250b6cf8331b7ee68fd8",
        "is_verified": false,
        "line_number": 67
      }
    ],
    ".env.template": [
      {
        "type": "Basic Auth Credentials",
        "filename": ".env.template",
        "hashed_secret": "5baa61e4c9b93f3f0682250b6cf8331b7ee68fd8",
        "is_verified": false,
        "line_number": 37
      }
    ],
    "alembic.ini": [
      {
        "type": "Basic Auth Credentials",
        "filename": "alembic.ini",
        "hashed_secret": "9d4e1e23bd5b727046a9e3b4b7db57bd8d6ee684",
        "is_verified": false,
        "line_number": 87
      }
    ],
    "alembic\\versions\\20250422_unified_timeline_view.py": [
      {
        "type": "Hex High Entropy String",
        "filename": "alembic\\versions\\20250422_unified_timeline_view.py",
        "hashed_secret": "a1156dfb13bb57d3e24f212426670f4e9b2d7849",
        "is_verified": false,
        "line_number": 20
      }
    ],
    "alembic\\versions\\41ccf7debf12_add_document_registry_and_certification_.py": [
      {
        "type": "Hex High Entropy String",
        "filename": "alembic\\versions\\41ccf7debf12_add_document_registry_and_certification_.py",
        "hashed_secret": "287c9dba2c98746be8722713cb44848b50e91feb",
        "is_verified": false,
        "line_number": 14
      }
    ],
    "alembic\\versions\\4662caf39763_initial_migration_baseline_schema.py": [
      {
        "type": "Hex High Entropy String",
        "filename": "alembic\\versions\\4662caf39763_initial_migration_baseline_schema.py",
        "hashed_secret": "b7fa0f61c28bb53a7ca5c248d06b7ce9060a331b",
        "is_verified": false,
        "line_number": 15
      }
    ],
    "alembic\\versions\\573f2a9e816f_add_deep_ocr_status_to_documents_and_.py": [
      {
        "type": "Hex High Entropy String",
        "filename": "alembic\\versions\\573f2a9e816f_add_deep_ocr_status_to_documents_and_.py",
        "hashed_secret": "a7099fa061f581b758f0b8f945fe9d2c81199cba",
        "is_verified": false,
        "line_number": 15
      }
    ],
    "alembic\\versions\\6405f204d7dc_add_oauth_states_table.py": [
      {
        "type": "Hex High Entropy String",
        "filename": "alembic\\versions\\6405f204d7dc_add_oauth_states_table.py",
        "hashed_secret": "693e6a1ee80a7639a244b7b467129db93c62c9da",
        "is_verified": false,
        "line_number": 15
      }
    ],
    "alembic\\versions\\66d6454b5b5d_add_source_and_link_to_calendar_events.py": [
      {
        "type": "Hex High Entropy String",
        "filename": "alembic\\versions\\66d6454b5b5d_add_source_and_link_to_calendar_events.py",
        "hashed_secret": "6297e7f84c62109a660f998e51902da12ce3e3eb",
        "is_verified": false,
        "line_number": 17
      }
    ],
    "alembic\\versions\\81c36d8f2466_add_completed_groups_to_user.py": [
      {
        "type": "Hex High Entropy String",
        "filename": "alembic\\versions\\81c36d8f2466_add_completed_groups_to_user.py",
        "hashed_secret": "a1156dfb13bb57d3e24f212426670f4e9b2d7849",
        "is_verified": false,
        "line_number": 15
      }
    ],
    "alembic\\versions\\a1b2c3d4e5f6_add_all_in_one_vault_tables.py": [
      {
        "type": "Hex High Entropy String",
        "filename": "alembic\\versions\\a1b2c3d4e5f6_add_all_in_one_vault_tables.py",
        "hashed_secret": "ef678205593788329ff416ce5c65fa04f33a05bd",
        "is_verified": false,
        "line_number": 21
      }
    ],
    "app\\core\\ai_tool_crib.py": [
      {
        "type": "Secret Keyword",
        "filename": "app\\core\\ai_tool_crib.py",
        "hashed_secret": "704b16be8330be4ca2554c50723fb317c3e9d9a9",
        "is_verified": false,
        "line_number": 89
      },
      {
        "type": "Secret Keyword",
        "filename": "app\\core\\ai_tool_crib.py",
        "hashed_secret": "02ecb94373bfb3dfe827ca18409f50b016e8302a",
        "is_verified": false,
        "line_number": 102
      },
      {
        "type": "Secret Keyword",
        "filename": "app\\core\\ai_tool_crib.py",
        "hashed_secret": "f8ca0d7266886f4b5be9adddc9b66017b3bf1a4b",
        "is_verified": false,
        "line_number": 109
      },
      {
        "type": "Secret Keyword",
        "filename": "app\\core\\ai_tool_crib.py",
        "hashed_secret": "3e10d010e7dfb478858d30459fa03f3824340d47",
        "is_verified": false,
        "line_number": 122
      },
      {
        "type": "Secret Keyword",
        "filename": "app\\core\\ai_tool_crib.py",
        "hashed_secret": "f5d6a13233a6a1cc4941d78bd3271818b1c3760b",
        "is_verified": false,
        "line_number": 129
      }
    ],
    "app\\core\\audit.py": [
      {
        "type": "Secret Keyword",
        "filename": "app\\core\\audit.py",
        "hashed_secret": "f4fa53f2df6e1e04dd17917be2fd1d8ca8012167",
        "is_verified": false,
        "line_number": 49
      }
    ],
    "app\\core\\gui_contract.py": [
      {
        "type": "Secret Keyword",
        "filename": "app\\core\\gui_contract.py",
        "hashed_secret": "5baa61e4c9b93f3f0682250b6cf8331b7ee68fd8",
        "is_verified": false,
        "line_number": 23
      }
    ],
    "app\\core\\security_config.py": [
      {
        "type": "Secret Keyword",
        "filename": "app\\core\\security_config.py",
        "hashed_secret": "a5c01e694764bcf09315443c6476e283e6f77906",
        "is_verified": false,
        "line_number": 101
      }
    ],
    "app\\sdk\\phase2_sdk.py": [
      {
        "type": "Secret Keyword",
        "filename": "app\\sdk\\phase2_sdk.py",
        "hashed_secret": "11fa7c37d697f30e6aee828b4426a10f83ab2380",
        "is_verified": false,
        "line_number": 457
      }
    ],
    "archive\\obsolete-2026-06-29\\PRODUCTION.md": [
      {
        "type": "Basic Auth Credentials",
        "filename": "archive\\obsolete-2026-06-29\\PRODUCTION.md",
        "hashed_secret": "5baa61e4c9b93f3f0682250b6cf8331b7ee68fd8",
        "is_verified": false,
        "line_number": 61
      },
      {
        "type": "Secret Keyword",
        "filename": "archive\\obsolete-2026-06-29\\PRODUCTION.md",
        "hashed_secret": "a6778f1880744bd1a342a8e3789135412d8f9da2",
        "is_verified": false,
        "line_number": 197
      },
      {
        "type": "Basic Auth Credentials",
        "filename": "archive\\obsolete-2026-06-29\\PRODUCTION.md",
        "hashed_secret": "9d4e1e23bd5b727046a9e3b4b7db57bd8d6ee684",
        "is_verified": false,
        "line_number": 430
      }
    ],
    "archive\\obsolete-2026-06-29\\PRODUCTION_DEPLOYMENT_FINAL.md": [
      {
        "type": "Secret Keyword",
        "filename": "archive\\obsolete-2026-06-29\\PRODUCTION_DEPLOYMENT_FINAL.md",
        "hashed_secret": "112bb791304791ddcf692e29fd5cf149b35fea37",
        "is_verified": false,
        "line_number": 15
      },
      {
        "type": "Basic Auth Credentials",
        "filename": "archive\\obsolete-2026-06-29\\PRODUCTION_DEPLOYMENT_FINAL.md",
        "hashed_secret": "112bb791304791ddcf692e29fd5cf149b35fea37",
        "is_verified": false,
        "line_number": 19
      }
    ],
    "data\\registry\\registry.json": [
      {
        "type": "Hex High Entropy String",
        "filename": "data\\registry\\registry.json",
        "hashed_secret": "4ffdbe9c3acd83f8683c627e92feca580f6122be",
        "is_verified": false,
        "line_number": 9
      },
      {
        "type": "Hex High Entropy String",
        "filename": "data\\registry\\registry.json",
        "hashed_secret": "ede6039742f13d408e92209b609fea5ada030205",
        "is_verified": false,
        "line_number": 10
      },
      {
        "type": "Hex High Entropy String",
        "filename": "data\\registry\\registry.json",
        "hashed_secret": "bd440dcfddd97cdbf6d177851cf04be38a4e9c92",
        "is_verified": false,
        "line_number": 11
      },
      {
        "type": "Hex High Entropy String",
        "filename": "data\\registry\\registry.json",
        "hashed_secret": "8ffe3a71f67e846f944c13774a6c0d3364b10513",
        "is_verified": false,
        "line_number": 55
      },
      {
        "type": "Hex High Entropy String",
        "filename": "data\\registry\\registry.json",
        "hashed_secret": "5cbcb465b81da8dcedb9df82b9afb5862d1fc00c",
        "is_verified": false,
        "line_number": 56
      },
      {
        "type": "Hex High Entropy String",
        "filename": "data\\registry\\registry.json",
        "hashed_secret": "6d3938d0e49b3d111245c361584888d183136970",
        "is_verified": false,
        "line_number": 57
      },
      {
        "type": "Hex High Entropy String",
        "filename": "data\\registry\\registry.json",
        "hashed_secret": "cf80f51818872909765afe34d7e7b34b64de5393",
        "is_verified": false,
        "line_number": 101
      },
      {
        "type": "Hex High Entropy String",
        "filename": "data\\registry\\registry.json",
        "hashed_secret": "f5669fc17e232797151b0081aa9fe32e413b062c",
        "is_verified": false,
        "line_number": 102
      },
      {
        "type": "Hex High Entropy String",
        "filename": "data\\registry\\registry.json",
        "hashed_secret": "6b72d632fc2654ffe3351daf26eecc1093719b00",
        "is_verified": false,
        "line_number": 103
      }
    ],
    "data\\test_local_vault\\Semptify5.0\\Vault\\certificates\\cert_I0oeSqCXGxKREFwg.json": [
      {
        "type": "Hex High Entropy String",
        "filename": "data\\test_local_vault\\Semptify5.0\\Vault\\certificates\\cert_I0oeSqCXGxKREFwg.json",
        "hashed_secret": "35f792f255a5f569615ccde75ba901c7130ff6dc",
        "is_verified": false,
        "line_number": 4
      }
    ],
    "data\\vault_index\\vault_index.json": [
      {
        "type": "Hex High Entropy String",
        "filename": "data\\vault_index\\vault_index.json",
        "hashed_secret": "6604fe820de86afcd279f59e01b8c2e8e566c831",
        "is_verified": false,
        "line_number": 8
      }
    ],
    "docs\\admin\\CREDENTIALS_SETUP_WORKBOOK.md": [
      {
        "type": "Secret Keyword",
        "filename": "docs\\admin\\CREDENTIALS_SETUP_WORKBOOK.md",
        "hashed_secret": "1a2fc3034e4c155463286194048df25e99a94929",
        "is_verified": false,
        "line_number": 79
      },
      {
        "type": "Secret Keyword",
        "filename": "docs\\admin\\CREDENTIALS_SETUP_WORKBOOK.md",
        "hashed_secret": "be8c455a115c8024ef4859363120a0e8c31a4866",
        "is_verified": false,
        "line_number": 149
      }
    ],
    "docs\\admin\\onboarding-contracts.md": [
      {
        "type": "Base64 High Entropy String",
        "filename": "docs\\admin\\onboarding-contracts.md",
        "hashed_secret": "3fefacbce21bfc7ec992a4b81d18b2a3b34c54ae",
        "is_verified": false,
        "line_number": 102
      }
    ],
    "env_template.txt": [
      {
        "type": "Secret Keyword",
        "filename": "env_template.txt",
        "hashed_secret": "debef2a5f987ef1423644f367fdbf11b9ad315f3",
        "is_verified": false,
        "line_number": 9
      },
      {
        "type": "Secret Keyword",
        "filename": "env_template.txt",
        "hashed_secret": "94199c31171fa5d5037d2c589ea2a2c480868a41",
        "is_verified": false,
        "line_number": 22
      },
      {
        "type": "Secret Keyword",
        "filename": "env_template.txt",
        "hashed_secret": "1e4407821a8de22ec2966c4895d3143e7fb32d64",
        "is_verified": false,
        "line_number": 26
      },
      {
        "type": "Secret Keyword",
        "filename": "env_template.txt",
        "hashed_secret": "26adb00e3d2ce26c9d600cf5c2a8e02304380ad2",
        "is_verified": false,
        "line_number": 27
      },
      {
        "type": "Secret Keyword",
        "filename": "env_template.txt",
        "hashed_secret": "444bd54cafb9407862b768a22db4cc279621f52e",
        "is_verified": false,
        "line_number": 28
      },
      {
        "type": "Secret Keyword",
        "filename": "env_template.txt",
        "hashed_secret": "34d4b4b244977d4f4b624c924e4ff648d1329e7c",
        "is_verified": false,
        "line_number": 29
      },
      {
        "type": "Secret Keyword",
        "filename": "env_template.txt",
        "hashed_secret": "3fb36537d87aa2644e131db20c81a7ed076654cb",
        "is_verified": false,
        "line_number": 35
      }
    ],
    "fix_db_permissions.py": [
      {
        "type": "Basic Auth Credentials",
        "filename": "fix_db_permissions.py",
        "hashed_secret": "afc848c316af1a89d49826c5ae9d00ed769415f3",
        "is_verified": false,
        "line_number": 31
      }
    ],
    "installer\\INSTALL_INSTRUCTIONS.html": [
      {
        "type": "Secret Keyword",
        "filename": "installer\\INSTALL_INSTRUCTIONS.html",
        "hashed_secret": "7156263cb3c1cf2016eaca40c6e07105925eadec",
        "is_verified": false,
        "line_number": 617
      }
    ],
    "legal_intel\\.env.example": [
      {
        "type": "Basic Auth Credentials",
        "filename": "legal_intel\\.env.example",
        "hashed_secret": "5baa61e4c9b93f3f0682250b6cf8331b7ee68fd8",
        "is_verified": false,
        "line_number": 1
      }
    ],
    "legal_intel\\app\\config.py": [
      {
        "type": "Basic Auth Credentials",
        "filename": "legal_intel\\app\\config.py",
        "hashed_secret": "9574e6e3197236b5b70b8603bd5ab3df83408763",
        "is_verified": false,
        "line_number": 12
      }
    ],
    "scripts\\Reset-Local-Postgres.ps1": [
      {
        "type": "Secret Keyword",
        "filename": "scripts\\Reset-Local-Postgres.ps1",
        "hashed_secret": "afc848c316af1a89d49826c5ae9d00ed769415f3",
        "is_verified": false,
        "line_number": 8
      },
      {
        "type": "Secret Keyword",
        "filename": "scripts\\Reset-Local-Postgres.ps1",
        "hashed_secret": "9574e6e3197236b5b70b8603bd5ab3df83408763",
        "is_verified": false,
        "line_number": 10
      }
    ],
    "scripts\\Setup-PostgreSQL-Extensions.ps1": [
      {
        "type": "Secret Keyword",
        "filename": "scripts\\Setup-PostgreSQL-Extensions.ps1",
        "hashed_secret": "9574e6e3197236b5b70b8603bd5ab3df83408763",
        "is_verified": false,
        "line_number": 11
      }
    ],
    "scripts\\backup.py": [
      {
        "type": "Basic Auth Credentials",
        "filename": "scripts\\backup.py",
        "hashed_secret": "5baa61e4c9b93f3f0682250b6cf8331b7ee68fd8",
        "is_verified": false,
        "line_number": 60
      }
    ],
    "scripts\\validate.py": [
      {
        "type": "Secret Keyword",
        "filename": "scripts\\validate.py",
        "hashed_secret": "400364be7d513faf0e5a25355f2c85b0359d8c42",
        "is_verified": false,
        "line_number": 114
      }
    ],
    "sdk\\README.md": [
      {
        "type": "Secret Keyword",
        "filename": "sdk\\README.md",
        "hashed_secret": "48a7b8889e1542650266c14a18c8708488fa1951",
        "is_verified": false,
        "line_number": 214
      },
      {
        "type": "Secret Keyword",
        "filename": "sdk\\README.md",
        "hashed_secret": "89a6cfe2a229151e8055abee107d45ed087bbb4f",
        "is_verified": false,
        "line_number": 285
      }
    ],
    "start-semptify.ps1": [
      {
        "type": "Basic Auth Credentials",
        "filename": "start-semptify.ps1",
        "hashed_secret": "9574e6e3197236b5b70b8603bd5ab3df83408763",
        "is_verified": false,
        "line_number": 144
      }
    ],
    "tools\\startup-configurator.html": [
      {
        "type": "Basic Auth Credentials",
        "filename": "tools\\startup-configurator.html",
        "hashed_secret": "9574e6e3197236b5b70b8603bd5ab3df83408763",
        "is_verified": false,
        "line_number": 445
      }
    ]
  },
  "generated_at": "2026-08-07T20:40:31Z"
}
