{
  "version": "1.4.0",
  "plugins_used": [
    {
      "name": "ArtifactoryDetector"
    },
    {
      "name": "AWSKeyDetector"
    },
    {
      "name": "AzureStorageKeyDetector"
    },
    {
      "name": "Base64HighEntropyString",
      "limit": 4.5
    },
    {
      "name": "BasicAuthDetector"
    },
    {
      "name": "CloudantDetector"
    },
    {
      "name": "DiscordBotTokenDetector"
    },
    {
      "name": "GitHubTokenDetector"
    },
    {
      "name": "HexHighEntropyString",
      "limit": 3.0
    },
    {
      "name": "IbmCloudIamDetector"
    },
    {
      "name": "IbmCosHmacDetector"
    },
    {
      "name": "JwtTokenDetector"
    },
    {
      "name": "KeywordDetector",
      "keyword_exclude": ""
    },
    {
      "name": "MailchimpDetector"
    },
    {
      "name": "NpmDetector"
    },
    {
      "name": "PrivateKeyDetector"
    },
    {
      "name": "SendGridDetector"
    },
    {
      "name": "SlackDetector"
    },
    {
      "name": "SoftlayerDetector"
    },
    {
      "name": "SquareOAuthDetector"
    },
    {
      "name": "StripeDetector"
    },
    {
      "name": "TwilioKeyDetector"
    }
  ],
  "filters_used": [
    {
      "path": "detect_secrets.filters.allowlist.is_line_allowlisted"
    },
    {
      "path": "detect_secrets.filters.common.is_ignored_due_to_verification_policies",
      "min_level": 2
    },
    {
      "path": "detect_secrets.filters.heuristic.is_indirect_reference"
    },
    {
      "path": "detect_secrets.filters.heuristic.is_likely_id_string"
    },
    {
      "path": "detect_secrets.filters.heuristic.is_lock_file"
    },
    {
      "path": "detect_secrets.filters.heuristic.is_not_alphanumeric_string"
    },
    {
      "path": "detect_secrets.filters.heuristic.is_potential_uuid"
    },
    {
      "path": "detect_secrets.filters.heuristic.is_prefixed_with_dollar_sign"
    },
    {
      "path": "detect_secrets.filters.heuristic.is_sequential_string"
    },
    {
      "path": "detect_secrets.filters.heuristic.is_swagger_file"
    },
    {
      "path": "detect_secrets.filters.heuristic.is_templated_secret"
    }
  ],
  "results": {
    ".env.example": [
      {
        "type": "Basic Auth Credentials",
        "filename": ".env.example",
        "hashed_secret": "5baa61e4c9b93f3f0682250b6cf8331b7ee68fd8",
        "is_verified": false,
        "line_number": 181
      }
    ],
    ".env.production.example": [
      {
        "type": "Basic Auth Credentials",
        "filename": ".env.production.example",
        "hashed_secret": "5baa61e4c9b93f3f0682250b6cf8331b7ee68fd8",
        "is_verified": false,
        "line_number": 67
      }
    ],
    ".env.template": [
      {
        "type": "Basic Auth Credentials",
        "filename": ".env.template",
        "hashed_secret": "5baa61e4c9b93f3f0682250b6cf8331b7ee68fd8",
        "is_verified": false,
        "line_number": 37
      }
    ],
    ".github\\workflows\\ci.yml": [
      {
        "type": "Secret Keyword",
        "filename": ".github\\workflows\\ci.yml",
        "hashed_secret": "6a75aee74fc650a6ca8ca60b75b7b3bf64c76b20",
        "is_verified": false,
        "line_number": 76
      }
    ],
    "alembic.ini": [
      {
        "type": "Basic Auth Credentials",
        "filename": "alembic.ini",
        "hashed_secret": "9d4e1e23bd5b727046a9e3b4b7db57bd8d6ee684",
        "is_verified": false,
        "line_number": 87
      }
    ],
    "alembic\\versions\\20250422_unified_timeline_view.py": [
      {
        "type": "Hex High Entropy String",
        "filename": "alembic\\versions\\20250422_unified_timeline_view.py",
        "hashed_secret": "a1156dfb13bb57d3e24f212426670f4e9b2d7849",
        "is_verified": false,
        "line_number": 20
      }
    ],
    "alembic\\versions\\41ccf7debf12_add_document_registry_and_certification_.py": [
      {
        "type": "Hex High Entropy String",
        "filename": "alembic\\versions\\41ccf7debf12_add_document_registry_and_certification_.py",
        "hashed_secret": "287c9dba2c98746be8722713cb44848b50e91feb",
        "is_verified": false,
        "line_number": 14
      }
    ],
    "alembic\\versions\\4662caf39763_initial_migration_baseline_schema.py": [
      {
        "type": "Hex High Entropy String",
        "filename": "alembic\\versions\\4662caf39763_initial_migration_baseline_schema.py",
        "hashed_secret": "b7fa0f61c28bb53a7ca5c248d06b7ce9060a331b",
        "is_verified": false,
        "line_number": 15
      }
    ],
    "alembic\\versions\\6405f204d7dc_add_oauth_states_table.py": [
      {
        "type": "Hex High Entropy String",
        "filename": "alembic\\versions\\6405f204d7dc_add_oauth_states_table.py",
        "hashed_secret": "693e6a1ee80a7639a244b7b467129db93c62c9da",
        "is_verified": false,
        "line_number": 15
      }
    ],
    "alembic\\versions\\81c36d8f2466_add_completed_groups_to_user.py": [
      {
        "type": "Hex High Entropy String",
        "filename": "alembic\\versions\\81c36d8f2466_add_completed_groups_to_user.py",
        "hashed_secret": "a1156dfb13bb57d3e24f212426670f4e9b2d7849",
        "is_verified": false,
        "line_number": 15
      }
    ],
    "alembic\\versions\\a1b2c3d4e5f6_add_all_in_one_vault_tables.py": [
      {
        "type": "Hex High Entropy String",
        "filename": "alembic\\versions\\a1b2c3d4e5f6_add_all_in_one_vault_tables.py",
        "hashed_secret": "ef678205593788329ff416ce5c65fa04f33a05bd",
        "is_verified": false,
        "line_number": 21
      }
    ],
    "app\\core\\ai_tool_crib.py": [
      {
        "type": "Secret Keyword",
        "filename": "app\\core\\ai_tool_crib.py",
        "hashed_secret": "704b16be8330be4ca2554c50723fb317c3e9d9a9",
        "is_verified": false,
        "line_number": 83
      },
      {
        "type": "Secret Keyword",
        "filename": "app\\core\\ai_tool_crib.py",
        "hashed_secret": "02ecb94373bfb3dfe827ca18409f50b016e8302a",
        "is_verified": false,
        "line_number": 96
      },
      {
        "type": "Secret Keyword",
        "filename": "app\\core\\ai_tool_crib.py",
        "hashed_secret": "f8ca0d7266886f4b5be9adddc9b66017b3bf1a4b",
        "is_verified": false,
        "line_number": 103
      },
      {
        "type": "Secret Keyword",
        "filename": "app\\core\\ai_tool_crib.py",
        "hashed_secret": "3e10d010e7dfb478858d30459fa03f3824340d47",
        "is_verified": false,
        "line_number": 116
      },
      {
        "type": "Secret Keyword",
        "filename": "app\\core\\ai_tool_crib.py",
        "hashed_secret": "f5d6a13233a6a1cc4941d78bd3271818b1c3760b",
        "is_verified": false,
        "line_number": 123
      }
    ],
    "app\\core\\audit.py": [
      {
        "type": "Secret Keyword",
        "filename": "app\\core\\audit.py",
        "hashed_secret": "f4fa53f2df6e1e04dd17917be2fd1d8ca8012167",
        "is_verified": false,
        "line_number": 47
      }
    ],
    "app\\core\\gui_contract.py": [
      {
        "type": "Secret Keyword",
        "filename": "app\\core\\gui_contract.py",
        "hashed_secret": "5baa61e4c9b93f3f0682250b6cf8331b7ee68fd8",
        "is_verified": false,
        "line_number": 21
      }
    ],
    "app\\core\\security_config.py": [
      {
        "type": "Secret Keyword",
        "filename": "app\\core\\security_config.py",
        "hashed_secret": "a5c01e694764bcf09315443c6476e283e6f77906",
        "is_verified": false,
        "line_number": 103
      }
    ],
    "app\\sdk\\phase2_sdk.py": [
      {
        "type": "Secret Keyword",
        "filename": "app\\sdk\\phase2_sdk.py",
        "hashed_secret": "11fa7c37d697f30e6aee828b4426a10f83ab2380",
        "is_verified": false,
        "line_number": 531
      }
    ],
    "archive\\obsolete-2026-06-29\\PRODUCTION.md": [
      {
        "type": "Basic Auth Credentials",
        "filename": "archive\\obsolete-2026-06-29\\PRODUCTION.md",
        "hashed_secret": "5baa61e4c9b93f3f0682250b6cf8331b7ee68fd8",
        "is_verified": false,
        "line_number": 61
      },
      {
        "type": "Secret Keyword",
        "filename": "archive\\obsolete-2026-06-29\\PRODUCTION.md",
        "hashed_secret": "a6778f1880744bd1a342a8e3789135412d8f9da2",
        "is_verified": false,
        "line_number": 197
      },
      {
        "type": "Basic Auth Credentials",
        "filename": "archive\\obsolete-2026-06-29\\PRODUCTION.md",
        "hashed_secret": "9d4e1e23bd5b727046a9e3b4b7db57bd8d6ee684",
        "is_verified": false,
        "line_number": 430
      }
    ],
    "archive\\obsolete-2026-06-29\\PRODUCTION_DEPLOYMENT_FINAL.md": [
      {
        "type": "Secret Keyword",
        "filename": "archive\\obsolete-2026-06-29\\PRODUCTION_DEPLOYMENT_FINAL.md",
        "hashed_secret": "112bb791304791ddcf692e29fd5cf149b35fea37",
        "is_verified": false,
        "line_number": 15
      },
      {
        "type": "Basic Auth Credentials",
        "filename": "archive\\obsolete-2026-06-29\\PRODUCTION_DEPLOYMENT_FINAL.md",
        "hashed_secret": "112bb791304791ddcf692e29fd5cf149b35fea37",
        "is_verified": false,
        "line_number": 19
      }
    ],
    "archive\\obsolete-2026-06-29\\SDK_MODULAR_PLAN.md": [
      {
        "type": "Secret Keyword",
        "filename": "archive\\obsolete-2026-06-29\\SDK_MODULAR_PLAN.md",
        "hashed_secret": "76a3330d1ebe1e20c9824c59cafac491bcfa43c3",
        "is_verified": false,
        "line_number": 87
      }
    ],
    "data\\registry\\registry.json": [
      {
        "type": "Hex High Entropy String",
        "filename": "data\\registry\\registry.json",
        "hashed_secret": "4ffdbe9c3acd83f8683c627e92feca580f6122be",
        "is_verified": false,
        "line_number": 9
      },
      {
        "type": "Hex High Entropy String",
        "filename": "data\\registry\\registry.json",
        "hashed_secret": "9023aeee578092b4596e933796c2e1e90ad0dd6e",
        "is_verified": false,
        "line_number": 10
      },
      {
        "type": "Hex High Entropy String",
        "filename": "data\\registry\\registry.json",
        "hashed_secret": "b40714294e3f9f9b31ac98ba0a05841ef277415e",
        "is_verified": false,
        "line_number": 11
      },
      {
        "type": "Hex High Entropy String",
        "filename": "data\\registry\\registry.json",
        "hashed_secret": "8ffe3a71f67e846f944c13774a6c0d3364b10513",
        "is_verified": false,
        "line_number": 37
      },
      {
        "type": "Hex High Entropy String",
        "filename": "data\\registry\\registry.json",
        "hashed_secret": "790b52b81a7bb24634c1a12fba924e5c4905932d",
        "is_verified": false,
        "line_number": 38
      },
      {
        "type": "Hex High Entropy String",
        "filename": "data\\registry\\registry.json",
        "hashed_secret": "22ee8332738483774285b093962d44212cb0257b",
        "is_verified": false,
        "line_number": 39
      },
      {
        "type": "Hex High Entropy String",
        "filename": "data\\registry\\registry.json",
        "hashed_secret": "cf80f51818872909765afe34d7e7b34b64de5393",
        "is_verified": false,
        "line_number": 65
      },
      {
        "type": "Hex High Entropy String",
        "filename": "data\\registry\\registry.json",
        "hashed_secret": "77e15745ab2a6498c986f60d7ffb629a3e488549",
        "is_verified": false,
        "line_number": 66
      },
      {
        "type": "Hex High Entropy String",
        "filename": "data\\registry\\registry.json",
        "hashed_secret": "27fb8d75963ba461a6be30348408b85c3ac07394",
        "is_verified": false,
        "line_number": 67
      },
      {
        "type": "Hex High Entropy String",
        "filename": "data\\registry\\registry.json",
        "hashed_secret": "35f792f255a5f569615ccde75ba901c7130ff6dc",
        "is_verified": false,
        "line_number": 93
      },
      {
        "type": "Hex High Entropy String",
        "filename": "data\\registry\\registry.json",
        "hashed_secret": "fedee434334d2316178a42d1ae941172622f7a8b",
        "is_verified": false,
        "line_number": 94
      },
      {
        "type": "Hex High Entropy String",
        "filename": "data\\registry\\registry.json",
        "hashed_secret": "362f95b1be9c7146a833f7d5aa7b86b6599473d9",
        "is_verified": false,
        "line_number": 95
      },
      {
        "type": "Hex High Entropy String",
        "filename": "data\\registry\\registry.json",
        "hashed_secret": "453122fa7ffebd8e57e0981f16ee21b006289cd6",
        "is_verified": false,
        "line_number": 123
      },
      {
        "type": "Hex High Entropy String",
        "filename": "data\\registry\\registry.json",
        "hashed_secret": "467fdbe6df8aabbee1881ecb0c5814de1028c6ba",
        "is_verified": false,
        "line_number": 124
      },
      {
        "type": "Hex High Entropy String",
        "filename": "data\\registry\\registry.json",
        "hashed_secret": "ac4ce73e549b5059b0180c8712c95b20c8ab47c7",
        "is_verified": false,
        "line_number": 125
      },
      {
        "type": "Hex High Entropy String",
        "filename": "data\\registry\\registry.json",
        "hashed_secret": "20b9569d64619d9dc83c12dfda2626f7c1589af7",
        "is_verified": false,
        "line_number": 153
      },
      {
        "type": "Hex High Entropy String",
        "filename": "data\\registry\\registry.json",
        "hashed_secret": "dcd63614df078d22d8a59b164a2dc1c135b657d7",
        "is_verified": false,
        "line_number": 154
      },
      {
        "type": "Hex High Entropy String",
        "filename": "data\\registry\\registry.json",
        "hashed_secret": "9704d39d84994aafaa797519e5c4863f28d52f56",
        "is_verified": false,
        "line_number": 155
      },
      {
        "type": "Hex High Entropy String",
        "filename": "data\\registry\\registry.json",
        "hashed_secret": "520dc114747eb75e2afe90469e964908bcab05e3",
        "is_verified": false,
        "line_number": 184
      },
      {
        "type": "Hex High Entropy String",
        "filename": "data\\registry\\registry.json",
        "hashed_secret": "49a14f2fb8245f49e0f3c89bd8f7d849f7cce065",
        "is_verified": false,
        "line_number": 185
      },
      {
        "type": "Hex High Entropy String",
        "filename": "data\\registry\\registry.json",
        "hashed_secret": "5070259ded03357ca6997b78c6d300ed412463e4",
        "is_verified": false,
        "line_number": 214
      },
      {
        "type": "Hex High Entropy String",
        "filename": "data\\registry\\registry.json",
        "hashed_secret": "076c013c0adf5bf4a165d03e433457994edeab32",
        "is_verified": false,
        "line_number": 215
      },
      {
        "type": "Hex High Entropy String",
        "filename": "data\\registry\\registry.json",
        "hashed_secret": "f52bc3aee8bf6ebf4b0550e4439d396d88f6c574",
        "is_verified": false,
        "line_number": 244
      },
      {
        "type": "Hex High Entropy String",
        "filename": "data\\registry\\registry.json",
        "hashed_secret": "358ba752a5740df3f549e0195d506805a57b56f1",
        "is_verified": false,
        "line_number": 245
      },
      {
        "type": "Hex High Entropy String",
        "filename": "data\\registry\\registry.json",
        "hashed_secret": "b34a679df61fa89434bb5577d1f32c42a09675b1",
        "is_verified": false,
        "line_number": 274
      },
      {
        "type": "Hex High Entropy String",
        "filename": "data\\registry\\registry.json",
        "hashed_secret": "0a67bb9bbb3f4abeeebe23ca452a3eece0634516",
        "is_verified": false,
        "line_number": 275
      },
      {
        "type": "Hex High Entropy String",
        "filename": "data\\registry\\registry.json",
        "hashed_secret": "c94f46c61effce10ca390085b1baf52060fb2269",
        "is_verified": false,
        "line_number": 304
      },
      {
        "type": "Hex High Entropy String",
        "filename": "data\\registry\\registry.json",
        "hashed_secret": "1e469f324036f2e8befdb3ef60d674136cf50244",
        "is_verified": false,
        "line_number": 305
      },
      {
        "type": "Hex High Entropy String",
        "filename": "data\\registry\\registry.json",
        "hashed_secret": "351da745b88d9cef1aa7dea67452fb74dedc479b",
        "is_verified": false,
        "line_number": 334
      },
      {
        "type": "Hex High Entropy String",
        "filename": "data\\registry\\registry.json",
        "hashed_secret": "0b44cfe12a07d45d72a286a3aec4f97d5a72444a",
        "is_verified": false,
        "line_number": 335
      },
      {
        "type": "Hex High Entropy String",
        "filename": "data\\registry\\registry.json",
        "hashed_secret": "d94b2e9693ce91ecef7b69bf727556ee6ac267fd",
        "is_verified": false,
        "line_number": 364
      },
      {
        "type": "Hex High Entropy String",
        "filename": "data\\registry\\registry.json",
        "hashed_secret": "88c4d47f62d5a9e5fbeb0063603448a9285671ce",
        "is_verified": false,
        "line_number": 365
      },
      {
        "type": "Hex High Entropy String",
        "filename": "data\\registry\\registry.json",
        "hashed_secret": "ca711e495c6c883d4df53732dfb48c2db4697ee7",
        "is_verified": false,
        "line_number": 394
      },
      {
        "type": "Hex High Entropy String",
        "filename": "data\\registry\\registry.json",
        "hashed_secret": "2fca0cd1eb1d8e437d2277d7e38f9106e43debe8",
        "is_verified": false,
        "line_number": 395
      },
      {
        "type": "Hex High Entropy String",
        "filename": "data\\registry\\registry.json",
        "hashed_secret": "f59d7edad247bb7ba1f6e684b8915eee095b30aa",
        "is_verified": false,
        "line_number": 424
      },
      {
        "type": "Hex High Entropy String",
        "filename": "data\\registry\\registry.json",
        "hashed_secret": "46662cee0c5d6cfa518fad580b08111cbc449aba",
        "is_verified": false,
        "line_number": 425
      },
      {
        "type": "Hex High Entropy String",
        "filename": "data\\registry\\registry.json",
        "hashed_secret": "12fdbe3977292dc9bf2b98fc6bec40e3100e2944",
        "is_verified": false,
        "line_number": 454
      },
      {
        "type": "Hex High Entropy String",
        "filename": "data\\registry\\registry.json",
        "hashed_secret": "9a0797a795950dbd9d4c071badc7656efa1d708c",
        "is_verified": false,
        "line_number": 455
      },
      {
        "type": "Hex High Entropy String",
        "filename": "data\\registry\\registry.json",
        "hashed_secret": "dd3320a948e1cb20959b2cbbdcdcfefcb0b1a47d",
        "is_verified": false,
        "line_number": 484
      },
      {
        "type": "Hex High Entropy String",
        "filename": "data\\registry\\registry.json",
        "hashed_secret": "61f4dadadba749128a2d273fe43220cb3087455f",
        "is_verified": false,
        "line_number": 485
      },
      {
        "type": "Hex High Entropy String",
        "filename": "data\\registry\\registry.json",
        "hashed_secret": "f98dfbde11a84d7215ebbd95110a698e6e1f1d99",
        "is_verified": false,
        "line_number": 514
      },
      {
        "type": "Hex High Entropy String",
        "filename": "data\\registry\\registry.json",
        "hashed_secret": "9b9db693b9d476adacf60cbf9ad983da9d3c69b5",
        "is_verified": false,
        "line_number": 515
      },
      {
        "type": "Hex High Entropy String",
        "filename": "data\\registry\\registry.json",
        "hashed_secret": "792b10a5bf5a7a8aab252433762e6fe4906aa0c0",
        "is_verified": false,
        "line_number": 544
      },
      {
        "type": "Hex High Entropy String",
        "filename": "data\\registry\\registry.json",
        "hashed_secret": "4deb69abb77339d8020f9e3576db9ddaf235cd82",
        "is_verified": false,
        "line_number": 545
      },
      {
        "type": "Hex High Entropy String",
        "filename": "data\\registry\\registry.json",
        "hashed_secret": "e9235bdca6492eda45d3e207640ebffc591203fa",
        "is_verified": false,
        "line_number": 574
      },
      {
        "type": "Hex High Entropy String",
        "filename": "data\\registry\\registry.json",
        "hashed_secret": "d2eda04b3505aec022a67f3ab9a211f85379fe14",
        "is_verified": false,
        "line_number": 575
      },
      {
        "type": "Hex High Entropy String",
        "filename": "data\\registry\\registry.json",
        "hashed_secret": "c06b6d27d27156d7fec4aee1f5c6f23cd27fa62b",
        "is_verified": false,
        "line_number": 604
      },
      {
        "type": "Hex High Entropy String",
        "filename": "data\\registry\\registry.json",
        "hashed_secret": "ca15086eecdc6f92a5184df1b83263681be48127",
        "is_verified": false,
        "line_number": 605
      },
      {
        "type": "Hex High Entropy String",
        "filename": "data\\registry\\registry.json",
        "hashed_secret": "5bf8014d1ca3c6b3776483c726442b40d9411f71",
        "is_verified": false,
        "line_number": 634
      },
      {
        "type": "Hex High Entropy String",
        "filename": "data\\registry\\registry.json",
        "hashed_secret": "d6c553b660a7402cfbae63416467012e33f33d94",
        "is_verified": false,
        "line_number": 635
      },
      {
        "type": "Hex High Entropy String",
        "filename": "data\\registry\\registry.json",
        "hashed_secret": "e83251b58e905a3fea815bf9b26dfe5fc35ab310",
        "is_verified": false,
        "line_number": 664
      },
      {
        "type": "Hex High Entropy String",
        "filename": "data\\registry\\registry.json",
        "hashed_secret": "30c5f8761e3e41b9a750bfdeb7334168bfebd8af",
        "is_verified": false,
        "line_number": 665
      },
      {
        "type": "Hex High Entropy String",
        "filename": "data\\registry\\registry.json",
        "hashed_secret": "357a1d68e04970730b28468e8bf7880c18652ac8",
        "is_verified": false,
        "line_number": 694
      },
      {
        "type": "Hex High Entropy String",
        "filename": "data\\registry\\registry.json",
        "hashed_secret": "d94226339c13422830ea79ac5eb5c51052d4d767",
        "is_verified": false,
        "line_number": 695
      },
      {
        "type": "Hex High Entropy String",
        "filename": "data\\registry\\registry.json",
        "hashed_secret": "853f25224755e954bdd5155d9c36fec4af0c7811",
        "is_verified": false,
        "line_number": 724
      },
      {
        "type": "Hex High Entropy String",
        "filename": "data\\registry\\registry.json",
        "hashed_secret": "69d84706552c218c2a47a871c713cb01a71df133",
        "is_verified": false,
        "line_number": 725
      },
      {
        "type": "Hex High Entropy String",
        "filename": "data\\registry\\registry.json",
        "hashed_secret": "506110fe1428db7f32b7d3ff5f250ad1a0e44da1",
        "is_verified": false,
        "line_number": 754
      },
      {
        "type": "Hex High Entropy String",
        "filename": "data\\registry\\registry.json",
        "hashed_secret": "273bff257d112d9b92f0324410494929836c0c28",
        "is_verified": false,
        "line_number": 755
      },
      {
        "type": "Hex High Entropy String",
        "filename": "data\\registry\\registry.json",
        "hashed_secret": "9e4e716b4f1c8a38f8aa77e0d21fa6a149209f1b",
        "is_verified": false,
        "line_number": 784
      },
      {
        "type": "Hex High Entropy String",
        "filename": "data\\registry\\registry.json",
        "hashed_secret": "4005b40e32e68d4187fc59e457b9d62f70c2832f",
        "is_verified": false,
        "line_number": 785
      },
      {
        "type": "Hex High Entropy String",
        "filename": "data\\registry\\registry.json",
        "hashed_secret": "f38d10fde5109ada1884e67705bf83bad45ef79c",
        "is_verified": false,
        "line_number": 814
      },
      {
        "type": "Hex High Entropy String",
        "filename": "data\\registry\\registry.json",
        "hashed_secret": "ad7454ac52161d8ceaad4cce2a1554f67b20624e",
        "is_verified": false,
        "line_number": 815
      },
      {
        "type": "Hex High Entropy String",
        "filename": "data\\registry\\registry.json",
        "hashed_secret": "d69b01dcb0e807322c8af7006acec26dac48bcca",
        "is_verified": false,
        "line_number": 844
      },
      {
        "type": "Hex High Entropy String",
        "filename": "data\\registry\\registry.json",
        "hashed_secret": "cf1baa493f72df4cb9e2c524517febdca60dfd4f",
        "is_verified": false,
        "line_number": 845
      },
      {
        "type": "Hex High Entropy String",
        "filename": "data\\registry\\registry.json",
        "hashed_secret": "4d47d5f7753008ba41500080e8240d2f009469ff",
        "is_verified": false,
        "line_number": 874
      },
      {
        "type": "Hex High Entropy String",
        "filename": "data\\registry\\registry.json",
        "hashed_secret": "e8202703508f76098fb82092c94ea8bdeeb70817",
        "is_verified": false,
        "line_number": 875
      },
      {
        "type": "Hex High Entropy String",
        "filename": "data\\registry\\registry.json",
        "hashed_secret": "da0770d3b39549f86be029dfbf1c560ff24c3d03",
        "is_verified": false,
        "line_number": 904
      },
      {
        "type": "Hex High Entropy String",
        "filename": "data\\registry\\registry.json",
        "hashed_secret": "7b5736064dc01aa58d2c11b839935fe814845fd0",
        "is_verified": false,
        "line_number": 905
      },
      {
        "type": "Hex High Entropy String",
        "filename": "data\\registry\\registry.json",
        "hashed_secret": "0ad1389979ffa0a43b9f326ba7bfb92467ec2263",
        "is_verified": false,
        "line_number": 934
      },
      {
        "type": "Hex High Entropy String",
        "filename": "data\\registry\\registry.json",
        "hashed_secret": "e99ab45ec4efc1993fcbd82b6afe293e9767dfbf",
        "is_verified": false,
        "line_number": 935
      },
      {
        "type": "Hex High Entropy String",
        "filename": "data\\registry\\registry.json",
        "hashed_secret": "796fef67b9f1029851ecf0c39a99b36af5f48211",
        "is_verified": false,
        "line_number": 964
      },
      {
        "type": "Hex High Entropy String",
        "filename": "data\\registry\\registry.json",
        "hashed_secret": "8c0df4ca0068d2b71ccb2f6942e114cb861b0a88",
        "is_verified": false,
        "line_number": 965
      },
      {
        "type": "Hex High Entropy String",
        "filename": "data\\registry\\registry.json",
        "hashed_secret": "c89250bcbdf82f17b01a0d06a03884487aad360c",
        "is_verified": false,
        "line_number": 994
      },
      {
        "type": "Hex High Entropy String",
        "filename": "data\\registry\\registry.json",
        "hashed_secret": "f04c84c7b54a14a9ad0ca9e9bbd0f5660cc1d5a7",
        "is_verified": false,
        "line_number": 995
      },
      {
        "type": "Hex High Entropy String",
        "filename": "data\\registry\\registry.json",
        "hashed_secret": "90de20f6eed8b581c964aa20f5ee01e1b4f967eb",
        "is_verified": false,
        "line_number": 1024
      },
      {
        "type": "Hex High Entropy String",
        "filename": "data\\registry\\registry.json",
        "hashed_secret": "7b2dcb076f2441f8865894ea1ded832520058061",
        "is_verified": false,
        "line_number": 1025
      },
      {
        "type": "Hex High Entropy String",
        "filename": "data\\registry\\registry.json",
        "hashed_secret": "afaa2a66ed7284ac5938cfdf03141ca58644a844",
        "is_verified": false,
        "line_number": 1054
      },
      {
        "type": "Hex High Entropy String",
        "filename": "data\\registry\\registry.json",
        "hashed_secret": "f6aed051674a0822eea28092a156381a0218446a",
        "is_verified": false,
        "line_number": 1055
      },
      {
        "type": "Hex High Entropy String",
        "filename": "data\\registry\\registry.json",
        "hashed_secret": "12d0800838ad74535fca677a84fea5f7796d96cd",
        "is_verified": false,
        "line_number": 1084
      },
      {
        "type": "Hex High Entropy String",
        "filename": "data\\registry\\registry.json",
        "hashed_secret": "56b223b5234fbf7fcbfcc58913b7353b95b8b2cb",
        "is_verified": false,
        "line_number": 1085
      },
      {
        "type": "Hex High Entropy String",
        "filename": "data\\registry\\registry.json",
        "hashed_secret": "178cac94e59e343aefbfd119fbaa4791210f8e7c",
        "is_verified": false,
        "line_number": 1114
      },
      {
        "type": "Hex High Entropy String",
        "filename": "data\\registry\\registry.json",
        "hashed_secret": "9e9b04e6da4e7a871e14556d1bbbbabbf1dbcfdc",
        "is_verified": false,
        "line_number": 1115
      },
      {
        "type": "Hex High Entropy String",
        "filename": "data\\registry\\registry.json",
        "hashed_secret": "6029465c9a0b639ea3cd91b753f134a24b5533d6",
        "is_verified": false,
        "line_number": 1144
      },
      {
        "type": "Hex High Entropy String",
        "filename": "data\\registry\\registry.json",
        "hashed_secret": "bac0f161ccf245e553fa6593adc167792d741563",
        "is_verified": false,
        "line_number": 1145
      },
      {
        "type": "Hex High Entropy String",
        "filename": "data\\registry\\registry.json",
        "hashed_secret": "04e0d111d35545b36326b4fe28bd4f8d1e887f15",
        "is_verified": false,
        "line_number": 1174
      },
      {
        "type": "Hex High Entropy String",
        "filename": "data\\registry\\registry.json",
        "hashed_secret": "5d77c5e4d61acb32a7362ceee38de96cf32530e3",
        "is_verified": false,
        "line_number": 1175
      },
      {
        "type": "Hex High Entropy String",
        "filename": "data\\registry\\registry.json",
        "hashed_secret": "a4bbc44804aecf84b6f25428bc8ad6ebd470b0f4",
        "is_verified": false,
        "line_number": 1204
      },
      {
        "type": "Hex High Entropy String",
        "filename": "data\\registry\\registry.json",
        "hashed_secret": "09d6961971fae00f909703bd8f74add023c076d7",
        "is_verified": false,
        "line_number": 1205
      },
      {
        "type": "Hex High Entropy String",
        "filename": "data\\registry\\registry.json",
        "hashed_secret": "65f93ceedf8d10875a84f3a8494ece0648b49b7f",
        "is_verified": false,
        "line_number": 1232
      },
      {
        "type": "Hex High Entropy String",
        "filename": "data\\registry\\registry.json",
        "hashed_secret": "653fbf7d7841fe01a3cda801f832c02b99fb801a",
        "is_verified": false,
        "line_number": 1233
      },
      {
        "type": "Hex High Entropy String",
        "filename": "data\\registry\\registry.json",
        "hashed_secret": "82394b1b7789d2e54723a69b99b80481d4a3ff3c",
        "is_verified": false,
        "line_number": 1260
      },
      {
        "type": "Hex High Entropy String",
        "filename": "data\\registry\\registry.json",
        "hashed_secret": "b83ef655772f1bfbad0d5f3a6bf5860b5cae2882",
        "is_verified": false,
        "line_number": 1261
      },
      {
        "type": "Hex High Entropy String",
        "filename": "data\\registry\\registry.json",
        "hashed_secret": "34f243624571e7c02656de74d176f190ff1eb1a9",
        "is_verified": false,
        "line_number": 1287
      },
      {
        "type": "Hex High Entropy String",
        "filename": "data\\registry\\registry.json",
        "hashed_secret": "1087838bd66c15936b43b4aaee2820c47a0cc25f",
        "is_verified": false,
        "line_number": 1288
      },
      {
        "type": "Hex High Entropy String",
        "filename": "data\\registry\\registry.json",
        "hashed_secret": "f590634f8e7caa5841b35b71d00a7a5bcc4f654d",
        "is_verified": false,
        "line_number": 1289
      },
      {
        "type": "Hex High Entropy String",
        "filename": "data\\registry\\registry.json",
        "hashed_secret": "1253fb484125c7edbec1e7bfd9dddbacabfd5f6c",
        "is_verified": false,
        "line_number": 1318
      },
      {
        "type": "Hex High Entropy String",
        "filename": "data\\registry\\registry.json",
        "hashed_secret": "702b0278a53994cf506682652dd23e5e2189ae80",
        "is_verified": false,
        "line_number": 1319
      },
      {
        "type": "Hex High Entropy String",
        "filename": "data\\registry\\registry.json",
        "hashed_secret": "99aa64d4e20971a7c69774e28795b939364ad6a4",
        "is_verified": false,
        "line_number": 1348
      },
      {
        "type": "Hex High Entropy String",
        "filename": "data\\registry\\registry.json",
        "hashed_secret": "61bec86ff2b7a843bb6c0b4a474252f6eabba991",
        "is_verified": false,
        "line_number": 1349
      },
      {
        "type": "Hex High Entropy String",
        "filename": "data\\registry\\registry.json",
        "hashed_secret": "560b3712c3cbf122d5ef088d28dd592db9baadc9",
        "is_verified": false,
        "line_number": 1378
      },
      {
        "type": "Hex High Entropy String",
        "filename": "data\\registry\\registry.json",
        "hashed_secret": "fe188b8b168ce549bb42119cdbb10e8cd49e7916",
        "is_verified": false,
        "line_number": 1379
      },
      {
        "type": "Hex High Entropy String",
        "filename": "data\\registry\\registry.json",
        "hashed_secret": "8cda76e74e61aadfda99aa39012ca69d08d69912",
        "is_verified": false,
        "line_number": 1405
      },
      {
        "type": "Hex High Entropy String",
        "filename": "data\\registry\\registry.json",
        "hashed_secret": "f6491c9951b41be1311e8bc0f8ab8ff69dd6362b",
        "is_verified": false,
        "line_number": 1406
      },
      {
        "type": "Hex High Entropy String",
        "filename": "data\\registry\\registry.json",
        "hashed_secret": "a418f4c925804d3be006e58d209f0f037e4a4f49",
        "is_verified": false,
        "line_number": 1407
      },
      {
        "type": "Hex High Entropy String",
        "filename": "data\\registry\\registry.json",
        "hashed_secret": "c7a91af9965ebe31f2170e3884e01268db46ef75",
        "is_verified": false,
        "line_number": 1436
      },
      {
        "type": "Hex High Entropy String",
        "filename": "data\\registry\\registry.json",
        "hashed_secret": "7767416e4bf56ccba95050be04fc554da625f337",
        "is_verified": false,
        "line_number": 1437
      },
      {
        "type": "Hex High Entropy String",
        "filename": "data\\registry\\registry.json",
        "hashed_secret": "79c1a94c8a709e411c20a10e3befeb52cbf4f044",
        "is_verified": false,
        "line_number": 1463
      },
      {
        "type": "Hex High Entropy String",
        "filename": "data\\registry\\registry.json",
        "hashed_secret": "f3c93712c09b35d07b303cc76893e3cc30514d11",
        "is_verified": false,
        "line_number": 1464
      },
      {
        "type": "Hex High Entropy String",
        "filename": "data\\registry\\registry.json",
        "hashed_secret": "ec002c168d8f658f1d829e576f21f034fd22043c",
        "is_verified": false,
        "line_number": 1465
      },
      {
        "type": "Hex High Entropy String",
        "filename": "data\\registry\\registry.json",
        "hashed_secret": "3e6a7fb3337c0106632be2fbca650271aa22ec11",
        "is_verified": false,
        "line_number": 1494
      },
      {
        "type": "Hex High Entropy String",
        "filename": "data\\registry\\registry.json",
        "hashed_secret": "ac60c066ea56d3a8297c8d1c1dc7ca202ab69af0",
        "is_verified": false,
        "line_number": 1495
      },
      {
        "type": "Hex High Entropy String",
        "filename": "data\\registry\\registry.json",
        "hashed_secret": "7ab63b03b08c6fd0c416cd3da74cf33b50ddc3dc",
        "is_verified": false,
        "line_number": 1521
      },
      {
        "type": "Hex High Entropy String",
        "filename": "data\\registry\\registry.json",
        "hashed_secret": "d0efb9373b78e1c44a14c6974ae9f0c8bf4d802b",
        "is_verified": false,
        "line_number": 1522
      },
      {
        "type": "Hex High Entropy String",
        "filename": "data\\registry\\registry.json",
        "hashed_secret": "f70962ba6c9dc3563966211830bed6cb4f00266b",
        "is_verified": false,
        "line_number": 1523
      },
      {
        "type": "Hex High Entropy String",
        "filename": "data\\registry\\registry.json",
        "hashed_secret": "2aa725ebcf959846d161df8d5103f011c5263422",
        "is_verified": false,
        "line_number": 1552
      },
      {
        "type": "Hex High Entropy String",
        "filename": "data\\registry\\registry.json",
        "hashed_secret": "e72426ac94343ea0cacf60e3b1c52a06fceed062",
        "is_verified": false,
        "line_number": 1553
      },
      {
        "type": "Hex High Entropy String",
        "filename": "data\\registry\\registry.json",
        "hashed_secret": "1c58b27847398531a5b5722b5fd622a685c50ff5",
        "is_verified": false,
        "line_number": 1579
      },
      {
        "type": "Hex High Entropy String",
        "filename": "data\\registry\\registry.json",
        "hashed_secret": "85ff3d1839d353bcdd1c4e800bd126f6f87131b8",
        "is_verified": false,
        "line_number": 1580
      },
      {
        "type": "Hex High Entropy String",
        "filename": "data\\registry\\registry.json",
        "hashed_secret": "ef1d789e35e946e97d5a0fdf280994dc1755a44c",
        "is_verified": false,
        "line_number": 1581
      },
      {
        "type": "Hex High Entropy String",
        "filename": "data\\registry\\registry.json",
        "hashed_secret": "e9dac98715709819d7c30529e356e55e14a878fc",
        "is_verified": false,
        "line_number": 1610
      },
      {
        "type": "Hex High Entropy String",
        "filename": "data\\registry\\registry.json",
        "hashed_secret": "8b2406b51e358641059178d24e9ef5d1b776bda5",
        "is_verified": false,
        "line_number": 1611
      },
      {
        "type": "Hex High Entropy String",
        "filename": "data\\registry\\registry.json",
        "hashed_secret": "f821b5cc32fb8ffe20bf17409a096afaf2b5e1a4",
        "is_verified": false,
        "line_number": 1640
      },
      {
        "type": "Hex High Entropy String",
        "filename": "data\\registry\\registry.json",
        "hashed_secret": "ae3ad1e950abe69ee60c29e5e44b5b6a72b54aac",
        "is_verified": false,
        "line_number": 1641
      },
      {
        "type": "Hex High Entropy String",
        "filename": "data\\registry\\registry.json",
        "hashed_secret": "8200d88dc678f4f619e9b600f2ab03846c8579eb",
        "is_verified": false,
        "line_number": 1670
      },
      {
        "type": "Hex High Entropy String",
        "filename": "data\\registry\\registry.json",
        "hashed_secret": "606475bc9ef7c34c1a059cca04f261dd90540119",
        "is_verified": false,
        "line_number": 1671
      },
      {
        "type": "Hex High Entropy String",
        "filename": "data\\registry\\registry.json",
        "hashed_secret": "905b7e3e9661fdb91c7ac9f732f5771fc3de4ae1",
        "is_verified": false,
        "line_number": 1697
      },
      {
        "type": "Hex High Entropy String",
        "filename": "data\\registry\\registry.json",
        "hashed_secret": "b9f72d4d1ce9fe653481198fec997c2731d45cd3",
        "is_verified": false,
        "line_number": 1698
      },
      {
        "type": "Hex High Entropy String",
        "filename": "data\\registry\\registry.json",
        "hashed_secret": "23cc4e477bb84f5500f61bf25801d48685abb346",
        "is_verified": false,
        "line_number": 1699
      },
      {
        "type": "Hex High Entropy String",
        "filename": "data\\registry\\registry.json",
        "hashed_secret": "9488d5908b90d3fd84c091db4fe40be28103b657",
        "is_verified": false,
        "line_number": 1725
      },
      {
        "type": "Hex High Entropy String",
        "filename": "data\\registry\\registry.json",
        "hashed_secret": "d20073028e4094d58b21ae1b1f2c24837b851958",
        "is_verified": false,
        "line_number": 1726
      },
      {
        "type": "Hex High Entropy String",
        "filename": "data\\registry\\registry.json",
        "hashed_secret": "333d5321f2a9bda10a0c4cef5c8c1f98ce195a38",
        "is_verified": false,
        "line_number": 1727
      },
      {
        "type": "Hex High Entropy String",
        "filename": "data\\registry\\registry.json",
        "hashed_secret": "72e30252df03e8c527780051e0e6f5e39615295f",
        "is_verified": false,
        "line_number": 1753
      },
      {
        "type": "Hex High Entropy String",
        "filename": "data\\registry\\registry.json",
        "hashed_secret": "1a0d6390b58f101df7a1b970a46c3e5ef9bfcbf2",
        "is_verified": false,
        "line_number": 1754
      },
      {
        "type": "Hex High Entropy String",
        "filename": "data\\registry\\registry.json",
        "hashed_secret": "a14fb457a848d248478ed33f34f17cfad8174723",
        "is_verified": false,
        "line_number": 1755
      },
      {
        "type": "Hex High Entropy String",
        "filename": "data\\registry\\registry.json",
        "hashed_secret": "9dc35d6ed2f04c6a321139889483da018902ff36",
        "is_verified": false,
        "line_number": 1802
      },
      {
        "type": "Hex High Entropy String",
        "filename": "data\\registry\\registry.json",
        "hashed_secret": "d784416110ad8aac9a2dec0cba7e806b021791e4",
        "is_verified": false,
        "line_number": 1803
      }
    ],
    "data\\test_local_vault\\Semptify5.0\\Vault\\certificates\\cert_I0oeSqCXGxKREFwg.json": [
      {
        "type": "Hex High Entropy String",
        "filename": "data\\test_local_vault\\Semptify5.0\\Vault\\certificates\\cert_I0oeSqCXGxKREFwg.json",
        "hashed_secret": "35f792f255a5f569615ccde75ba901c7130ff6dc",
        "is_verified": false,
        "line_number": 4
      }
    ],
    "data\\vault_index\\vault_index.json": [
      {
        "type": "Hex High Entropy String",
        "filename": "data\\vault_index\\vault_index.json",
        "hashed_secret": "72e30252df03e8c527780051e0e6f5e39615295f",
        "is_verified": false,
        "line_number": 8
      }
    ],
    "docs\\CREDENTIALS_SETUP_WORKBOOK.md": [
      {
        "type": "Secret Keyword",
        "filename": "docs\\CREDENTIALS_SETUP_WORKBOOK.md",
        "hashed_secret": "1a2fc3034e4c155463286194048df25e99a94929",
        "is_verified": false,
        "line_number": 79
      },
      {
        "type": "Secret Keyword",
        "filename": "docs\\CREDENTIALS_SETUP_WORKBOOK.md",
        "hashed_secret": "be8c455a115c8024ef4859363120a0e8c31a4866",
        "is_verified": false,
        "line_number": 149
      }
    ],
    "docs\\onboarding-contracts.md": [
      {
        "type": "Base64 High Entropy String",
        "filename": "docs\\onboarding-contracts.md",
        "hashed_secret": "3fefacbce21bfc7ec992a4b81d18b2a3b34c54ae",
        "is_verified": false,
        "line_number": 106
      }
    ],
    "env_template.txt": [
      {
        "type": "Secret Keyword",
        "filename": "env_template.txt",
        "hashed_secret": "debef2a5f987ef1423644f367fdbf11b9ad315f3",
        "is_verified": false,
        "line_number": 9
      },
      {
        "type": "Secret Keyword",
        "filename": "env_template.txt",
        "hashed_secret": "94199c31171fa5d5037d2c589ea2a2c480868a41",
        "is_verified": false,
        "line_number": 22
      },
      {
        "type": "Secret Keyword",
        "filename": "env_template.txt",
        "hashed_secret": "1e4407821a8de22ec2966c4895d3143e7fb32d64",
        "is_verified": false,
        "line_number": 26
      },
      {
        "type": "Secret Keyword",
        "filename": "env_template.txt",
        "hashed_secret": "26adb00e3d2ce26c9d600cf5c2a8e02304380ad2",
        "is_verified": false,
        "line_number": 27
      },
      {
        "type": "Secret Keyword",
        "filename": "env_template.txt",
        "hashed_secret": "444bd54cafb9407862b768a22db4cc279621f52e",
        "is_verified": false,
        "line_number": 28
      },
      {
        "type": "Secret Keyword",
        "filename": "env_template.txt",
        "hashed_secret": "34d4b4b244977d4f4b624c924e4ff648d1329e7c",
        "is_verified": false,
        "line_number": 29
      },
      {
        "type": "Secret Keyword",
        "filename": "env_template.txt",
        "hashed_secret": "3fb36537d87aa2644e131db20c81a7ed076654cb",
        "is_verified": false,
        "line_number": 35
      }
    ],
    "fix_db_permissions.py": [
      {
        "type": "Basic Auth Credentials",
        "filename": "fix_db_permissions.py",
        "hashed_secret": "afc848c316af1a89d49826c5ae9d00ed769415f3",
        "is_verified": false,
        "line_number": 29
      }
    ],
    "installer\\INSTALL_INSTRUCTIONS.html": [
      {
        "type": "Secret Keyword",
        "filename": "installer\\INSTALL_INSTRUCTIONS.html",
        "hashed_secret": "7156263cb3c1cf2016eaca40c6e07105925eadec",
        "is_verified": false,
        "line_number": 617
      }
    ],
    "legal_intel\\.env.example": [
      {
        "type": "Basic Auth Credentials",
        "filename": "legal_intel\\.env.example",
        "hashed_secret": "5baa61e4c9b93f3f0682250b6cf8331b7ee68fd8",
        "is_verified": false,
        "line_number": 1
      }
    ],
    "legal_intel\\app\\config.py": [
      {
        "type": "Basic Auth Credentials",
        "filename": "legal_intel\\app\\config.py",
        "hashed_secret": "9574e6e3197236b5b70b8603bd5ab3df83408763",
        "is_verified": false,
        "line_number": 12
      }
    ],
    "scripts\\Reset-Local-Postgres.ps1": [
      {
        "type": "Secret Keyword",
        "filename": "scripts\\Reset-Local-Postgres.ps1",
        "hashed_secret": "afc848c316af1a89d49826c5ae9d00ed769415f3",
        "is_verified": false,
        "line_number": 8
      },
      {
        "type": "Secret Keyword",
        "filename": "scripts\\Reset-Local-Postgres.ps1",
        "hashed_secret": "9574e6e3197236b5b70b8603bd5ab3df83408763",
        "is_verified": false,
        "line_number": 10
      }
    ],
    "scripts\\Setup-PostgreSQL-Extensions.ps1": [
      {
        "type": "Secret Keyword",
        "filename": "scripts\\Setup-PostgreSQL-Extensions.ps1",
        "hashed_secret": "9574e6e3197236b5b70b8603bd5ab3df83408763",
        "is_verified": false,
        "line_number": 11
      }
    ],
    "scripts\\backup.py": [
      {
        "type": "Basic Auth Credentials",
        "filename": "scripts\\backup.py",
        "hashed_secret": "5baa61e4c9b93f3f0682250b6cf8331b7ee68fd8",
        "is_verified": false,
        "line_number": 56
      }
    ],
    "scripts\\validate.py": [
      {
        "type": "Secret Keyword",
        "filename": "scripts\\validate.py",
        "hashed_secret": "400364be7d513faf0e5a25355f2c85b0359d8c42",
        "is_verified": false,
        "line_number": 115
      }
    ],
    "sdk\\README.md": [
      {
        "type": "Secret Keyword",
        "filename": "sdk\\README.md",
        "hashed_secret": "48a7b8889e1542650266c14a18c8708488fa1951",
        "is_verified": false,
        "line_number": 257
      },
      {
        "type": "Secret Keyword",
        "filename": "sdk\\README.md",
        "hashed_secret": "89a6cfe2a229151e8055abee107d45ed087bbb4f",
        "is_verified": false,
        "line_number": 326
      }
    ],
    "start-semptify.ps1": [
      {
        "type": "Basic Auth Credentials",
        "filename": "start-semptify.ps1",
        "hashed_secret": "9574e6e3197236b5b70b8603bd5ab3df83408763",
        "is_verified": false,
        "line_number": 144
      }
    ],
    "tools\\agent_orchestrator_tasks.json": [
      {
        "type": "Hex High Entropy String",
        "filename": "tools\\agent_orchestrator_tasks.json",
        "hashed_secret": "20d14814b2c73db58404fc07a6583127b648ec5f",
        "is_verified": false,
        "line_number": 3
      },
      {
        "type": "Hex High Entropy String",
        "filename": "tools\\agent_orchestrator_tasks.json",
        "hashed_secret": "356ee5bacbf84cbb3565df713ff7db38776084dc",
        "is_verified": false,
        "line_number": 19
      },
      {
        "type": "Hex High Entropy String",
        "filename": "tools\\agent_orchestrator_tasks.json",
        "hashed_secret": "d87a906aead0fa1456ea8195bf509cda88d1357c",
        "is_verified": false,
        "line_number": 131
      },
      {
        "type": "Hex High Entropy String",
        "filename": "tools\\agent_orchestrator_tasks.json",
        "hashed_secret": "71fc5a25cd8f8e739b19cd3c24a0dcf69d209551",
        "is_verified": false,
        "line_number": 147
      },
      {
        "type": "Hex High Entropy String",
        "filename": "tools\\agent_orchestrator_tasks.json",
        "hashed_secret": "58117d3479a80722a1191a64235b3961b60af8bd",
        "is_verified": false,
        "line_number": 163
      },
      {
        "type": "Hex High Entropy String",
        "filename": "tools\\agent_orchestrator_tasks.json",
        "hashed_secret": "60d2007c7df3d8b2bbad536d1679a1d80dfc0b6c",
        "is_verified": false,
        "line_number": 179
      },
      {
        "type": "Hex High Entropy String",
        "filename": "tools\\agent_orchestrator_tasks.json",
        "hashed_secret": "e9da11495ba8fa9719e3ea457afc4fd5955b02c9",
        "is_verified": false,
        "line_number": 227
      },
      {
        "type": "Hex High Entropy String",
        "filename": "tools\\agent_orchestrator_tasks.json",
        "hashed_secret": "94c45f66a7241af6b25490ff2b4cfc0396461d48",
        "is_verified": false,
        "line_number": 243
      }
    ],
    "tools\\orchestrator_dashboard.html": [
      {
        "type": "Hex High Entropy String",
        "filename": "tools\\orchestrator_dashboard.html",
        "hashed_secret": "20d14814b2c73db58404fc07a6583127b648ec5f",
        "is_verified": false,
        "line_number": 166
      },
      {
        "type": "Hex High Entropy String",
        "filename": "tools\\orchestrator_dashboard.html",
        "hashed_secret": "356ee5bacbf84cbb3565df713ff7db38776084dc",
        "is_verified": false,
        "line_number": 182
      },
      {
        "type": "Hex High Entropy String",
        "filename": "tools\\orchestrator_dashboard.html",
        "hashed_secret": "d87a906aead0fa1456ea8195bf509cda88d1357c",
        "is_verified": false,
        "line_number": 294
      },
      {
        "type": "Hex High Entropy String",
        "filename": "tools\\orchestrator_dashboard.html",
        "hashed_secret": "71fc5a25cd8f8e739b19cd3c24a0dcf69d209551",
        "is_verified": false,
        "line_number": 310
      },
      {
        "type": "Hex High Entropy String",
        "filename": "tools\\orchestrator_dashboard.html",
        "hashed_secret": "58117d3479a80722a1191a64235b3961b60af8bd",
        "is_verified": false,
        "line_number": 326
      },
      {
        "type": "Hex High Entropy String",
        "filename": "tools\\orchestrator_dashboard.html",
        "hashed_secret": "60d2007c7df3d8b2bbad536d1679a1d80dfc0b6c",
        "is_verified": false,
        "line_number": 342
      },
      {
        "type": "Hex High Entropy String",
        "filename": "tools\\orchestrator_dashboard.html",
        "hashed_secret": "e9da11495ba8fa9719e3ea457afc4fd5955b02c9",
        "is_verified": false,
        "line_number": 390
      },
      {
        "type": "Hex High Entropy String",
        "filename": "tools\\orchestrator_dashboard.html",
        "hashed_secret": "94c45f66a7241af6b25490ff2b4cfc0396461d48",
        "is_verified": false,
        "line_number": 406
      }
    ],
    "tools\\startup-configurator.html": [
      {
        "type": "Basic Auth Credentials",
        "filename": "tools\\startup-configurator.html",
        "hashed_secret": "9574e6e3197236b5b70b8603bd5ab3df83408763",
        "is_verified": false,
        "line_number": 445
      }
    ]
  },
  "generated_at": "2026-07-16T06:32:13Z"
}
